// Vitest Snapshot v1, https://vitest.dev/guide/snapshot.html

exports[`Header > should render properly 1`] = `
<header
  class="css-157to9t"
  data-component-name="Header"
>
  <div
    class="css-1ejvhcb"
    data-component-name="Container"
  >
    <div
      class="css-29z1qi"
    >
      <h3
        class="css-1accte4"
        data-component-name="H3"
      >
        some name
      </h3>
    </div>
    <button
      class="css-17rt720"
      data-component-name="Logout"
    >
      <span
        class="css-lo0v0o"
        data-component-name="Text"
      >
        logout
      </span>
      <span
        class="css-10mt42n"
        data-component-name="Icon"
        name="sign-out"
      >
        <svg
          height="16"
          src="https://files.gilbarbara.dev/icons/sign-out.svg"
          title="sign-out"
          width="16"
        />
      </span>
    </button>
  </div>
</header>
`;
