// Vitest Snapshot v1, https://vitest.dev/guide/snapshot.html

exports[`Login > should render properly 1`] = `
<div
  class="css-px2j5d"
  data-component-name="Login"
>
  <div
    class="css-wc6egs"
    data-component-name="Box"
  >
    <div
      class="css-t2a0ka"
      data-component-name="Box"
    >
      <div
        data-component-name="LoginContainer"
      >
        <div
          class="css-1pedvdu"
          data-component-name="Box"
        >
          <form
            class="css-10gzlmm"
            data-component-name="Box"
            method="POST"
          >
            <div
              class="css-1ejgv0f"
              data-component-name="Field"
            >
              <label
                class="css-1pt39tn"
                data-component-name="Label"
                for="username"
              >
                Username
                <span
                  class="css-143okea"
                  data-component-name="Icon"
                  name="asterisk"
                >
                  <svg
                    height="12"
                    src="https://files.gilbarbara.dev/icons/asterisk.svg"
                    title="asterisk"
                    width="12"
                  />
                </span>
              </label>
              <div
                class="css-l5stqk"
                data-component-name="ComponentWrapper"
              >
                <input
                  class="css-1izy3jk"
                  data-component-name="Input"
                  id="username"
                  name="username"
                  placeholder="Username"
                  type="text"
                />
              </div>
              <div
                class="css-x8y7di"
                data-component-name="AssistiveContent"
              />
            </div>
            <div
              class="css-1ejgv0f"
              data-component-name="Field"
            >
              <label
                class="css-1pt39tn"
                data-component-name="Label"
                for="password"
              >
                Password
                <span
                  class="css-143okea"
                  data-component-name="Icon"
                  name="asterisk"
                >
                  <svg
                    height="12"
                    src="https://files.gilbarbara.dev/icons/asterisk.svg"
                    title="asterisk"
                    width="12"
                  />
                </span>
              </label>
              <div
                class="css-l5stqk"
                data-component-name="ComponentWrapper"
              >
                <input
                  class="css-1izy3jk"
                  data-component-name="Input"
                  id="password"
                  name="password"
                  placeholder="Password"
                  type="password"
                />
              </div>
              <div
                class="css-x8y7di"
                data-component-name="AssistiveContent"
              />
            </div>
            <div
              class="css-18exx3r"
              data-component-name="Spacer"
            >
              <div
                class="css-o4fmev"
                data-component-name="SpacerItem"
              >
                <button
                  class="css-13ul09b"
                  data-component-name="Button"
                  disabled=""
                  type="submit"
                >
                  Login
                </button>
              </div>
              <div
                class="css-o4fmev"
                data-component-name="SpacerItem"
              >
                <a
                  class="css-13ul09b"
                  data-component-name="Button"
                  href="/signup"
                  type="button"
                >
                  Signup
                </a>
              </div>
            </div>
          </form>
        </div>
      </div>
    </div>
  </div>
</div>
`;
