// Vitest Snapshot v1, https://vitest.dev/guide/snapshot.html

exports[`Message > should render properly 1`] = `
<div
  class="css-px2j5d"
  data-component-name="Message"
>
  <div
    class="css-wc6egs"
    data-component-name="Box"
  >
    <div
      class="css-167s73c"
      data-component-name="Box"
    >
      <h3
        class="css-1i8n8st"
        data-component-name="H3"
      >
        Messages
      </h3>
    </div>
    <div
      class="css-4u8jlx"
      data-component-name="MessageContainer"
    >
      <div
        class="css-1jostu9"
        data-component-name="Box"
      >
        <form
          class="css-10gzlmm"
          data-component-name="Box"
          method="POST"
        >
          <div
            class="css-18exx3r"
            data-component-name="Spacer"
          >
            <div
              class="css-o4fmev"
              data-component-name="SpacerItem"
            >
              <div
                class="css-1ejgv0f"
                data-component-name="Field"
              >
                <label
                  class="css-1pt39tn"
                  data-component-name="Label"
                  for="content"
                >
                  Message
                  <span
                    class="css-143okea"
                    data-component-name="Icon"
                    name="asterisk"
                  >
                    <svg
                      height="12"
                      src="https://files.gilbarbara.dev/icons/asterisk.svg"
                      title="asterisk"
                      width="12"
                    />
                  </span>
                </label>
                <div
                  class="css-l5stqk"
                  data-component-name="ComponentWrapper"
                >
                  <input
                    class="css-1izy3jk"
                    data-component-name="Input"
                    id="content"
                    name="content"
                    placeholder="Enter your message!"
                    type="text"
                  />
                </div>
                <div
                  class="css-x8y7di"
                  data-component-name="AssistiveContent"
                />
              </div>
            </div>
            <div
              class="css-o4fmev"
              data-component-name="SpacerItem"
            >
              <button
                class="css-13ul09b"
                data-component-name="Button"
                disabled=""
                type="submit"
              >
                Post
              </button>
            </div>
          </div>
        </form>
      </div>
      <div
        class="css-1jostu9"
        data-component-name="Box"
      >
        <div
          class="css-f17vn2"
          data-component-name="DataTable"
        >
          <div
            class="css-er576k"
            data-component-name="DataTableHead"
          >
            <div
              class="css-17zrlwe"
              data-component-name="DataTableHeadColumn"
            >
              <button
                class="css-1fg17v6"
                data-component-name="ButtonUnstyled"
                data-direction="asc"
                data-name="content"
                type="button"
              >
                Message
              </button>
            </div>
            <div
              class="css-1qzh6mx"
              data-component-name="DataTableHeadColumn"
            >
              <button
                class="css-1fg17v6"
                data-component-name="ButtonUnstyled"
                data-direction="asc"
                data-name="posted_by"
                type="button"
              >
                Posted By
              </button>
            </div>
            <div
              class="css-1qzh6mx"
              data-component-name="DataTableHeadColumn"
            >
              <button
                class="css-1fg17v6"
                data-component-name="ButtonUnstyled"
                data-direction="asc"
                data-name="created_at"
                type="button"
              >
                Posted Date
              </button>
            </div>
          </div>
          <div
            class="css-1ot6tw5"
            data-component-name="BoxCenter"
          >
            <span
              class="css-7ssjyy"
              data-component-name="Text"
            >
              Nothing found
            </span>
          </div>
          <div
            class="css-981mqs"
            data-component-name="Box"
          />
        </div>
      </div>
    </div>
  </div>
</div>
`;
